===Cpp2IL by Samboy063===
A Tool to Reverse Unity's "il2cpp" Build Process.
Version 2022.1.0-pre-release.3

[38;2;173;216;230m[Info] [Program] [0m[38;2;173;216;230mRunning on Win32NT
[0m[38;2;173;216;230m[Info] [Plugins] [0m[38;2;173;216;230mUsing Plugin: Cpp2IL Built-In
[0m[38;2;173;216;230m[Info] [Program] [0m[38;2;173;216;230mDetermined game's unity version to be 2020.3.9
[0m[38;2;173;216;230m[Info] [Library] [0m[38;2;173;216;230mInitializing Metadata...
[0m[38;2;173;216;230m[Info] [Library] [0m[38;2;173;216;230m	Using actual IL2CPP Metadata version 27.1
[0m[38;2;173;216;230m[Info] [Library] [0m[38;2;173;216;230mInitialized Metadata in 629ms
[0m[38;2;173;216;230m[Info] [Library] [0m[38;2;173;216;230mUsing binary type Portable Executable (from LibCpp2IL)
[0m[38;2;173;216;230m[Info] [Library] [0m[38;2;173;216;230mSearching Binary for Required Data...
[0m[38;2;173;216;230m[Info] [Library] [0m[38;2;173;216;230mGot Binary codereg: 0x18654A4E0, metareg: 0x18654E880 in 10357ms.
[0m[38;2;173;216;230m[Info] [Library] [0m[38;2;173;216;230mInitializing Binary...
[0m[38;2;173;216;230m[Info] [Library] [0m[38;2;173;216;230mInitialized Binary in 344ms
[0m[38;2;173;216;230m[Info] [Library] [0m[38;2;173;216;230mMapping pointers to Il2CppMethodDefinitions...[0m[38;2;173;216;230mProcessed 139476 OK (120ms)
[0m[38;2;173;216;230m[Info] [Program] [0m[38;2;173;216;230mCreating application model...[0m[38;2;173;216;230mDone.
[0m[38;2;173;216;230m[Info] [Program] [0m[38;2;173;216;230mRunning processor Attribute Injector...
[0m[38;2;255;255;0m[Warn] [CA Restore] [0m[38;2;255;255;0mFailed to analyze custom attribute cache generator for Assembly: UnityEngine because Instruction Add rax, stack:0x4: Operand stack:0x4 at index 1 (0-based) is of type StackOffset, which is not permitted for this index of a Add instruction
[0m[38;2;255;255;0m[Warn] [CA Restore] [0m[38;2;255;255;0mFailed to analyze custom attribute cache generator for Assembly: Unity.InternalAPIEngineBridge.001 because Instruction Subtract rax, stack:0x20: Operand stack:0x20 at index 1 (0-based) is of type StackOffset, which is not permitted for this index of a Subtract instruction
[0m[38;2;173;216;230m[Info] [Program] [0m[38;2;173;216;230mProcessor Attribute Injector finished in 948.1449ms
[0m[38;2;173;216;230m[Info] [Program] [0m[38;2;173;216;230mOutputting as Stub ("Dummy") DLL Files to C:\Users\chcar\AppData\Local\Temp\Guigu Clean Setup szi22u4u\MelonLoader\Dependencies\Il2CppAssemblyGenerator\Cpp2IL\cpp2il_out...
[0m[38;2;173;216;230m[Info] [Program] [0m[38;2;173;216;230mFinished outputting in 4988.3943ms
[0m[38;2;173;216;230m[Info] [Program] [0m[38;2;173;216;230mDone. Total execution time: 18714.2961ms
[0m