Reading assemblies... 
Done in 00:00:00.0719715
Reading system assemblies... 
Done in 00:00:00.0127220
Reading unity assemblies... 
Done in 00:00:00.0104283
Creating rewrite assemblies... 
Done in 00:00:00.0086470
Computing renames... 
Done in 00:00:00.0525926
Creating typedefs... 
Done in 00:00:00.0638469
Computing struct blittability... 
Done in 00:00:00.0045309
Filling typedefs... 
Done in 00:00:00.0166790
Filling generic constraints... 
Done in 00:00:00.0052518
Creating members... 
Done in 00:00:01.2991797
Scanning method cross-references... 
Done in 00:00:01.8203856
Finalizing method declarations... 
Done in 00:00:02.2661063
150 total potentially dead methods
Filling method parameters... 
Done in 00:00:00.2441861
Creating static constructors... 
Done in 00:00:01.7655783
Creating value type fields... 
Done in 00:00:00.2093869
Creating enums... 
Done in 00:00:00.0276752
Creating IntPtr constructors... 
Done in 00:00:00.0945518
Creating type getters... 
Done in 00:00:00.2150068
Creating non-blittable struct constructors... 
Done in 00:00:00.0119865
Creating generic method static constructors... 
Done in 00:00:00.0428344
Creating field accessors... 
Done in 00:00:01.0667586
Filling methods... 
Done in 00:00:02.6215881
Generating implicit conversions... 
Done in 00:00:00.0286902
Creating properties... 
Done in 00:00:00.1797365
Unstripping types... 
Done in 00:00:00.0493421
Unstripping fields... 

727 fields restored
33 fields failed to restore
Done in 00:00:00.0069397
Unstripping methods... 

17442 methods restored
1311 methods failed to restore
Done in 00:00:00.3743482
Unstripping method bodies... 

IL unstrip statistics: 7936 successful, 3311 failed
Done in 00:00:00.4931442
Generating forwarded types... 
Done in 00:00:00.0042551
Writing xref cache... 
Done in 00:00:01.5897868
Writing assemblies... 
Done in 00:00:04.5526782
Writing method pointer map... 
Done in 00:00:00.0660857
Done!
